c:\data\projects\pythonprojects\zerocrossing_simulation\dll\mcizerocross\mcizerocross\debug\mcizerocross.pch
c:\data\projects\pythonprojects\zerocrossing_simulation\dll\mcizerocross\mcizerocross\debug\vc140.pdb
c:\data\projects\pythonprojects\zerocrossing_simulation\dll\mcizerocross\mcizerocross\debug\vc140.idb
c:\data\projects\pythonprojects\zerocrossing_simulation\dll\mcizerocross\mcizerocross\debug\stdafx.obj
c:\data\projects\pythonprojects\zerocrossing_simulation\dll\mcizerocross\mcizerocross\debug\dllmain.obj
c:\data\projects\pythonprojects\zerocrossing_simulation\dll\mcizerocross\mcizerocross\debug\mcizerocross.obj
c:\data\projects\pythonprojects\zerocrossing_simulation\dll\mcizerocross\mcizerocross\debug\mcizerocross_dll.obj
c:\data\projects\pythonprojects\zerocrossing_simulation\dll\mcizerocross\mcizerocross\debug\gpio.obj
c:\data\projects\pythonprojects\zerocrossing_simulation\dll\mcizerocross\debug\mcizerocross.ilk
c:\data\projects\pythonprojects\zerocrossing_simulation\dll\mcizerocross\debug\mcizerocross.dll
c:\data\projects\pythonprojects\zerocrossing_simulation\dll\mcizerocross\debug\mcizerocross.pdb
c:\data\projects\pythonprojects\zerocrossing_simulation\dll\mcizerocross\debug\mcizerocross.lib
c:\data\projects\pythonprojects\zerocrossing_simulation\dll\mcizerocross\debug\mcizerocross.exp
c:\data\projects\pythonprojects\zerocrossing_simulation\dll\mcizerocross\mcizerocross\debug\mcizerocross.tlog\cl.command.1.tlog
c:\data\projects\pythonprojects\zerocrossing_simulation\dll\mcizerocross\mcizerocross\debug\mcizerocross.tlog\cl.read.1.tlog
c:\data\projects\pythonprojects\zerocrossing_simulation\dll\mcizerocross\mcizerocross\debug\mcizerocross.tlog\cl.write.1.tlog
c:\data\projects\pythonprojects\zerocrossing_simulation\dll\mcizerocross\mcizerocross\debug\mcizerocross.tlog\link.command.1.tlog
c:\data\projects\pythonprojects\zerocrossing_simulation\dll\mcizerocross\mcizerocross\debug\mcizerocross.tlog\link.read.1.tlog
c:\data\projects\pythonprojects\zerocrossing_simulation\dll\mcizerocross\mcizerocross\debug\mcizerocross.tlog\link.write.1.tlog
c:\data\projects\pythonprojects\zerocrossing_simulation\dll\mcizerocross\mcizerocross\debug\mcizerocross.tlog\mcizerocross.write.1u.tlog
